
> zakflow@0.1.0 ci
> npm run lint && npm run typecheck && npm run test:coverage


> zakflow@0.1.0 lint
> eslint .


/Users/edycu/Projects/Hackathon/Frontier/frontier-palm-usd/coverage/block-navigation.js
  1:1  warning  Unused eslint-disable directive (no problems were reported)

/Users/edycu/Projects/Hackathon/Frontier/frontier-palm-usd/src/app/dashboard/page.tsx
  186:45  error  Unexpected any. Specify a different type  @typescript-eslint/no-explicit-any

/Users/edycu/Projects/Hackathon/Frontier/frontier-palm-usd/src/lib/palmusd.ts
   1:46  warning  'SystemProgram' is defined but never used  @typescript-eslint/no-unused-vars
  32:15  warning  'tx' is assigned a value but never used    @typescript-eslint/no-unused-vars
  72:14  warning  'e' is defined but never used              @typescript-eslint/no-unused-vars

✖ 5 problems (1 error, 4 warnings)
  0 errors and 1 warning potentially fixable with the `--fix` option.

